AR topmodule behavioral "C:/Users/furka_000/Desktop/Fall 2014 Courses/EEE 495/Lab 2/Complete/TopModule.vhd" sub00/vhpl05 1412201056
AR rs232 behavioral "C:/Users/furka_000/Desktop/Fall 2014 Courses/EEE 495/Lab 2/rs232.vhd" sub00/vhpl01 1412201052
AR rs232_rx behavioral "C:/Users/furka_000/Desktop/Fall 2014 Courses/EEE 495/Lab 2/FPGAtoPC/rs232_rx.vhd" sub00/vhpl03 1412201054
EN rs232_rx NULL "C:/Users/furka_000/Desktop/Fall 2014 Courses/EEE 495/Lab 2/FPGAtoPC/rs232_rx.vhd" sub00/vhpl02 1412201053
EN rs232 NULL "C:/Users/furka_000/Desktop/Fall 2014 Courses/EEE 495/Lab 2/rs232.vhd" sub00/vhpl00 1412201051
EN topmodule NULL "C:/Users/furka_000/Desktop/Fall 2014 Courses/EEE 495/Lab 2/Complete/TopModule.vhd" sub00/vhpl04 1412201055
